; Subrotina DUMPER
; Grava em arquivo toda a imagem binária da memória
				;				&       /0000
;Exportando DUMPER  ==================================================================
2018 0000 ; "DUMPER>"		;	DUMPER 		>  
2000 0000 ; "DUMP_INI>"		;	DUMP_INI 	>	; Endereço onde começa o dump
2002 0000 ; "DUMP_TAM>"		;	DUMP_TAM 	>	; Numero total de palavras a serem "dumpadas"
2004 0000 ; "DUMP_UL>"		;	DUMP_UL 	>	; Unidade logica do disco a ser usado
2006 0000 ; "DUMP_BL>"		;	DUMP_BL 	>	; Tamanho do bloco
2008 0000 ; "DUMP_EXE>"		;	DUMP_EXE 	>	; Endereço onde começaria a execução (valor dummy, apenas para manter o formato)

; Variáveis de DUMPER ================================================================
8000 0000		;	DUMP_INI 		K 		/0000			; Endereço onde começa o dump
8002 0000		;	DUMP_TAM 		K 		/0000			; Numero total de palavras a serem "dumpadas"
8004 0000		;	DUMP_UL 		K 		/0000			; Unidade logica do disco a ser usado
8006 0000		;	DUMP_BL 		K 		/0000			; Tamanho do bloco
8008 0000		;	DUMP_EXE 		K 		/0000			; Endereço onde começaria a execução (valor dummy, apenas para manter o formato)
800a 0000		;	DUMP_END_ATUAL	K 		/0000			; Endereço atual que será "dumpado"
800c 0000		;	DUMP_CONTADOR	K 		/0000
; Constantes usadas em DUMPER
800e 0002		;	INC_ADDRESS		K		/0002		; Constante de incremento de endereço
8010 1000		;	INVALID_ADDR	K		/1000       ; Constante de endereço invalido. Qualquer endereço igual ou maior que ele é inválido
8012 8000		;	LD_VAZIA    	LD 		/0000		; Load vazia para criação de intruções dinamicamente
8014 0001		;	INCREASE		K 		/0001		; Constante de decremento de contagem

8016 e300		;	PD_DISCO_VAZIA	PD 		/300 		; Put Data apenas com o tipo disco especificado 


8018 0000		;	DUMPER 			K 		/0000
a01a 8000		;					LD 		DUMP_INI		; Pego o Endereço inicial e guardo como o endereço atual
a01c 900a		;					MM 		DUMP_END_ATUAL
a01e 8004		;					LD 		DUMP_UL			; Crio a instrução de PD com a Unidade Lógica atual
a020 4016		;					+		PD_DISCO_VAZIA
a022 9032		;					MM 		DUMP_PD
a024 800c		;	DUMP_LOOP		LD		DUMP_CONTADOR 	; Pego o CONTADOR atual e verifico se é igual ao tamanho DUMP_TAM. Se é igual, então acabou e vai para o final da Subrotina
a026 5002		;					-		DUMP_TAM		
a028 1042		;					JZ 		DUMP_FIM		
a02a 800a		;					LD		DUMP_END_ATUAL	; Se não acabou, pego o valor presente no endereço atual (com a ajuda de um load criado dinamicamente)
a02c 4012		;					+		LD_VAZIA
a02e 9030		;					MM 		DUMP_GET_VALOR
8030 0000		;	DUMP_GET_VALOR	K		/0000			
8032 0000		;	DUMP_PD			K		/0000			; Salvo no disco
a034 800a		;					LD		DUMP_END_ATUAL  ; Incremento o endereço atual
a036 400e		;					+		INC_ADDRESS
a038 900a		;					MM 		DUMP_END_ATUAL
a03a 800c		;					LD 		DUMP_CONTADOR	; Incremento o contador e volto ao início
a03c 4014		;					+		INCREASE 	
a03e 900c		;					MM 		DUMP_CONTADOR
a040 0024		;					JP 		DUMP_LOOP
a042 b018		;	DUMP_FIM		RS 		DUMPER
