;Importando ITOCH  ==================================================================
4000 0000 ; "ITOCH<"		;	ITOCH 				<
4001 0000 ; "ITOCH_END_SAIDA_1<"		;	ITOCH_END_SAIDA_1	<
4002 0000 ; "ITOCH_END_SAIDA_2<"		;	ITOCH_END_SAIDA_2	<

				;							& 		/0000				; Inicio do programa em 0000
a000 0008		;	INI						JP 		MAIN_ITOCH			; Pula para a label MAIN_PACK
8002 79ab		;	ENTRADA_ITOCH			K		/79AB               ; Entrada de ITOCH
8004 0000		;	SAIDA_ITOCH_1 			K 		/0000				; Primeira palavra de saida de ITOCH
8006 0000		;	SAIDA_ITOCH_2 			K 		/0000				; Segunda palavra de saida de ITOCH
					
; Corpo do teste de funcionamento de PACK
a008 3004		;	MAIN_ITOCH				LV 		SAIDA_ITOCH_1		; Recebe o endereco de memoria de ENTRADA_PACK_1
d00a 9001		;							MM 		ITOCH_END_SAIDA_1	; Salva o endereco na memoria PACK_VAR1
a00c 3006		;							LV 	 	SAIDA_ITOCH_2		; Recebe o endereco de memoria de ENTRADA_PACK_2
d00e 9002		;							MM 		ITOCH_END_SAIDA_2	; Salva o endereco na memoria PACK_VAR2
a010 8002		;							LD 		ENTRADA_ITOCH       ;
d012 a000		;							SC 		ITOCH 				; Chama a sub-rotina PACK	
a014 c014		;	FIM						HM 		FIM					; FIM
