				;					& 		/0000
;Exportando as constantes ================================================================
2000 0000 ; "SHIFT2>"		;	SHIFT2			>
2002 0000 ; "TRATA_NEG>"		;	TRATA_NEG		>
2004 0000 ; "VOLTA_NEG>"		;	VOLTA_NEG 		>
2006 0000 ; "MM_VAZIA>"		;	MM_VAZIA		>
2008 0000 ; "LD_VAZIA>"		;	LD_VAZIA		>
200a 0000 ; "INC_ADDRESS>"		;	INC_ADDRESS 	>
200c 0000 ; "INCREASE>"		;	INCREASE		>
200e 0000 ; "INVALID_ADDR>"		;	INVALID_ADDR	>

;Definição e valores das contantes =============================================================
8000 0100		;	SHIFT2			K 		/0100		; Constante que desloca em 2 posições os bits das palavras
8002 8000		;	TRATA_NEG		K		/8000		; Constante utilizada para passar um numero negativo para um positivo
8004 0080		;	VOLTA_NEG		K		/0080		; Constante utilizada para voltar o número para negativo
8006 9000		;	MM_VAZIA		MM      /0000		; Move to memory vazia para criação de instrução dinamicamente
8008 8000		;	LD_VAZIA    	LD 		/0000		; Load vazia para criação de intruções dinamicamente
800a 0002		;	INC_ADDRESS		K		/0002		; Constante de incremento de endereço
800c 0001		;	INCREASE		K 		/0001		; Constante de decremento de contagem
800e 1000		;	INVALID_ADDR	K		/1000       ; Constante de endereço invalido. Qualquer endereço igual ou maior que ele é inválido
