;Importando PACK  ==================================================================
4000 0000 ; "PACK<"		;	PACK        		<           ; Sub-rotina PACK
4001 0000 ; "PACK_VAR1<"		;	PACK_VAR1   		<           ; Endereço da primeira palavra a ser empacotada
4002 0000 ; "PACK_VAR2<"		;	PACK_VAR2   		<           ; Endereço da segunda palabra a ser empacotada

;Importando UNPACK  =======================================================================
4003 0000 ; "UNPACK<"		;	UNPACK        		<           ; Sub-rotina UNPACK
4004 0000 ; "UNPACK_OUT_ADDR1<"		;	UNPACK_OUT_ADDR1  	<	     	; Endereço de saída da primeira palavra 
4005 0000 ; "UNPACK_OUT_ADDR2<"		;	UNPACK_OUT_ADDR2 	<       	; Endereço de saída da segunda palavra 
4006 0000 ; "UNPACK_PACKAGE<"		;	UNPACK_PACKAGE     	<         	; Word empacotada

;Importando MEMCOPY =======================================================================
4007 0000 ; "MEMCOPY<"		;	MEMCOPY       		<           ; Sub-rotina MEMCOPY
4008 0000 ; "MEMCOPY_NWORDS<"		;	MEMCOPY_NWORDS 		< 			; Número de palavras a serem copiadas (cópia da subrotina)
4009 0000 ; "MEMCOPY_END_ORIGEM<"		;	MEMCOPY_END_ORIGEM	<			; Endereço inicial da sequência de origem (cópia da subrotina)
4010 0000 ; "MEMCOPY_END_DESTINO<"		;	MEMCOPY_END_DESTINO	<			; Endereço inicial da sequência de destino (cópia da subrotina)

;Importando constantes ===========================================================
4011 0000 ; "SHIFT2<"		;	SHIFT2				<		; Constante que desloca em 2 posições os bits das palavras
4012 0000 ; "TRATA_NEG<"		;	TRATA_NEG			<		; Constante utilizada para passar um numero negativo para um positivo
4013 0000 ; "VOLTA_NEG<"		;	VOLTA_NEG			<		; Constante utilizada para voltar o número para negativo
4014 0000 ; "MM_VAZIA<"		;	MM_VAZIA			<		; Move to memory vazia para criação de instrução dinamicamente
4015 0000 ; "LD_VAZIA<"		;	LD_VAZIA    		<		; Load vazia para criação de intruções dinamicamente
4016 0000 ; "INC_ADDRESS<"		;	INC_ADDRESS			<		; Constante de incremento de endereço
4017 0000 ; "INCREASE<"		;	INCREASE			<		; Constante de decremento de contagem
4018 0000 ; "INVALID_ADDR<"		;	INVALID_ADDR		<      ; Constante de endereço invalido. Qualquer endereço igual ou maior que ele é inválido

				;							& 		/0000				; Inicio do programa em 0000
a000 0026		;	INI						JP 		MAIN_PACK			; Pula para a label MAIN_PACK
8002 00fa		;	ENTRADA_PACK_1 			K 		/00FA				; Primeira palavra de entrada para PACK
8004 0010		;	ENTRADA_PACK_2 			K 		/0010				; Segunda palavra de entrada para PACK
8006 0000		;	SAIDA_PACK 				K 		/0000				; Saida de PACK
8008 8001		;	ENTRADA_UNPACK			K		/8001				; Palavra de entrada de UNPACK
800a 0000		;	SAIDA_UNPACK_1			K		/0000				; Primeira palavra de saída de UNPACK
800c 0000		;	SAIDA_UNPACK_2			K		/0000				; Segunda palavra de sáida para UNPACK
800e 0003		;	NWORDS_MEMCOPY			K		/0003				; Número de palavras que serão copiadas por MEMCOPY
8010 0014		;	END_ORIGEM_MEMCOPY		K		/0014				; Endereço da primeira palavra da lista a ser copiada por MEMCOPY
8012 001c		;	END_DESTINO_MEMCOPY		K		/001C				; Primeiro endereço para o qual as palavras serão copiads por MEMCOPY
8014 0001		;	MEMORIA_MEMCOPY			K		/0001				; Endereços de 0014 a 0024 reservados para utilização MEMCOPY. Os valores foram escolhidos para verificação dos testes 
8016 0002		;							K		/0002
8018 0003		;							K		/0003
801a 0004		;							K		/0004
801c ffff		;							K		/FFFF
801e ffff		;							K		/FFFF
8020 ffff		;							K		/FFFF
8022 ffff		;							K		/FFFF
8024 ffff		;							K		/FFFF						
; Corpo do teste de funcionamento de PACK
a026 3002		;	MAIN_PACK				LV 		ENTRADA_PACK_1		; Recebe o endereco de memoria de ENTRADA_PACK_1
d028 9001		;							MM 		PACK_VAR1			; Salva o endereco na memoria PACK_VAR1
a02a 3004		;							LV 	 	ENTRADA_PACK_2		; Recebe o endereco de memoria de ENTRADA_PACK_2
d02c 9002		;							MM 		PACK_VAR2			; Salva o endereco na memoria PACK_VAR2
d02e a000		;							SC 		PACK 				; Chama a sub-rotina PACK
a030 9006		;							MM 		SAIDA_PACK			; Salva o resultado na saida (SAIDA_PACK)
; Corpo do teste de funcionamento de PACK
a032 300a		;	MAIN_UNPACK				LV		SAIDA_UNPACK_1 		; Coloca o endereço de SAIDA_UNPACK_1 no Acumulador
d034 9004		;							MM 		UNPACK_OUT_ADDR1	; Copia o conteúdo do Acumulador para UNPACK_OUT_ADDR1
a036 300c		;							LV		SAIDA_UNPACK_2 		; Coloca o endereço de SAIDA_UNPACK_2 no Acumulador
d038 9005		;							MM 		UNPACK_OUT_ADDR2	; Copia o conteúdo do Acumulador para UNPACK_OUT_ADDR2
a03a 8008		;							LD		ENTRADA_UNPACK 		; Copia o conteúdo de ENTRADA_UNPACK para o Acumulador
d03c a003		;							SC  	UNPACK      		; Executa a subrotina UNPACK
; Corpo do teste de funcionamento de MEMCOPY
a03e 800e		;	MAIN_MEMCOPY			LD 		NWORDS_MEMCOPY		; Copia o conteúdo de número de palavras para o Acumulador
d040 9008		;							MM 		MEMCOPY_NWORDS		; Copia o conteúdo de número de palvaras para MEMCOPY_NWORDS, parâmetro da subrotina
a042 8010		;							LD 		END_ORIGEM_MEMCOPY	; Copia o conteúdo de END_ORIGEM_MEMCOPY para o Acumulador
d044 9009		;							MM 		MEMCOPY_END_ORIGEM	; Copia o endereço de origem para MEMCOPY_END_ORIGEM, parâmetro da subrotina
a046 8012		;							LD 		END_DESTINO_MEMCOPY	; Copia o conteúdo de END_DESTINO_MEMCOPY para o Acumulador
d048 9010		;							MM 		MEMCOPY_END_DESTINO	; Copia o endereço de destino para MEMCOPY_END_DESTINO, parâmetro da subrotina
d04a a007		;							SC  	MEMCOPY     		; Executa a subrotina MEMCOPY 						
a04c c04c		;	FIM						HM 		FIM					; FIM
