;Importando PACK  ==================================================================
4000 0000 ; "PACK<"		;	PACK        		<           ; Sub-rotina PACK
4001 0000 ; "PACK_VAR1<"		;	PACK_VAR1   		<           ; Endereço da primeira palavra a ser empacotada
4002 0000 ; "PACK_VAR2<"		;	PACK_VAR2   		<           ; Endereço da segunda palabra a ser empacotada

;Importando UNPACK  =======================================================================
4003 0000 ; "UNPACK<"		;	UNPACK        		<           ; Sub-rotina UNPACK
4004 0000 ; "UNPACK_OUT_ADDR1<"		;	UNPACK_OUT_ADDR1  	<	     	; Endereço de saída da primeira palavra 
4005 0000 ; "UNPACK_OUT_ADDR2<"		;	UNPACK_OUT_ADDR2 	<       	; Endereço de saída da segunda palavra 
4006 0000 ; "UNPACK_PACKAGE<"		;	UNPACK_PACKAGE     	<         	; Word empacotada

;Importando MEMCOPY =======================================================================
4007 0000 ; "MEMCOPY<"		;	MEMCOPY       		<           ; Sub-rotina MEMCOPY
4008 0000 ; "MEMCOPY_NWORDS<"		;	MEMCOPY_NWORDS 		< 			; Número de palavras a serem copiadas (cópia da subrotina)
4009 0000 ; "MEMCOPY_END_ORIGEM<"		;	MEMCOPY_END_ORIGEM	<			; Endereço inicial da sequência de origem (cópia da subrotina)
4010 0000 ; "MEMCOPY_END_DESTINO<"		;	MEMCOPY_END_DESTINO	<			; Endereço inicial da sequência de destino (cópia da subrotina)

; Importando CHTOI  =======================================================================
4011 0000 ; "CHTOI<"		;	CHTOI				<
4012 0000 ; "CHTOI_IN1<"		;	CHTOI_IN1		 	<           ; Endereço de entrada da primeira palavra
4013 0000 ; "CHTOI_IN2<"		;	CHTOI_IN2 			<       	; Endereço de entrada da segunda palavra
4014 0000 ; "CHTOI_WORD<"		;	CHTOI_WORD	     	<       	; Word final
4015 0000 ; "CHTOI_AUX<"		;	CHTOI_AUX 			<
4016 0000 ; "CHTOI_D<"		;	CHTOI_D 			<
4017 0000 ; "CHTOI_D1<"		;	CHTOI_D1          	<       	; Digito 1 
4018 0000 ; "CHTOI_D2<"		;	CHTOI_D2  	     	<       	; Digito 2 
4019 0000 ; "CHTOI_D3<"		;	CHTOI_D3  	     	<       	; Digito 3 
4020 0000 ; "CHTOI_D4<"		;	CHTOI_D4  	     	<       	; Digito 4 

;Importando constantes ===========================================================
4021 0000 ; "SHIFT2<"		;	SHIFT2	    		<           ; Constante que desloca em 2 posições os bits das palavras
4022 0000 ; "LD_VAZIA<"		;	LD_VAZIA     		<           ; Instrução
4023 0000 ; "TRATA_NEG<"		;	TRATA_NEG			<
4024 0000 ; "VOLTA_NEG<"		;	VOLTA_NEG 			<
4025 0000 ; "MM_VAZIA<"		;	MM_VAZIA			<
4026 0000 ; "LD_VAZIA<"		;	LD_VAZIA			<
4027 0000 ; "INC_ADDRESS<"		;	INC_ADDRESS 		<
4028 0000 ; "INCREASE<"		;	INCREASE			<
4029 0000 ; "INVALID_ADDR<"		;	INVALID_ADDR		<
4030 0000 ; "CH_1<"		;	CH_1				<
4031 0000 ; "CH_2<"		;	CH_2				<
4032 0000 ; "CH_3<"		;	CH_3				<
4033 0000 ; "CH_4<"		;	CH_4				<
4034 0000 ; "CH_5<"		;	CH_5 				<
4035 0000 ; "CH_6<"		;	CH_6 				<
4036 0000 ; "CH_E<"		;	CH_E				<

				;							& 		/0000				; Inicio do programa em 0000
a000 0006		;	INI						JP 		MAIN_CHTOI			; Pula para a label MAIN_PACK
8002 4c49		;	ENTRADA_CHTOI_1			K		/4C49
8004 584f		;	ENTRADA_CHTOI_2			K		/584F					
; Corpo do teste de funcionamento de CHTOI
a006 3002		;	MAIN_CHTOI 				LV 		ENTRADA_CHTOI_1
d008 9012		;							MM 		CHTOI_IN1 						
a00a 3004		;							LV 		ENTRADA_CHTOI_2
d00c 9013		;							MM 		CHTOI_IN2
d00e a011		;							SC 		CHTOI
a010 c010		;	FIM						HM 		FIM					; FIM
